// Jest Snapshot v1, https://goo.gl/fbAQLP

exports[`Avatar matches default snapshot 1`] = `
.c0 {
  border-radius: 50%;
  height: 50px;
  width: 50px;
}

<div>
  <img
    class="c0"
    size="50"
    src="https://s.gravatar.com/avatar/93942e96f5acd83e2e047ad8fe03114d?s=100&d=mp"
  />
</div>
`;
