// Jest Snapshot v1, https://goo.gl/fbAQLP

exports[`Icon matches default snapshot 1`] = `
<div>
  <i
    class="material-icons "
  >
    test
  </i>
</div>
`;
