// Jest Snapshot v1, https://goo.gl/fbAQLP

exports[`Icon matches default snapshot 1`] = `
.c0 {
  font-size: inherit;
}

<div>
  <i
    class="material-icons  c0"
  >
    test
  </i>
</div>
`;
